// Jest Snapshot v1, https://goo.gl/fbAQLP

exports[`render withPlayingCard 1`] = `<div />`;
