// Jest Snapshot v1, https://goo.gl/fbAQLP

exports[`Render SmallCardVideoPlayer 1`] = `<video />`;
