// Jest Snapshot v1, https://goo.gl/fbAQLP

exports[`Render SmallMovieCard 1`] = `
<article
  className="small-movie-card catalog__movies-card"
  onMouseEnter={[Function]}
  onMouseLeave={[Function]}
>
  <a
    className="small-movie-card__image"
    href="/films/1"
    onClick={[Function]}
  >
    <video />
  </a>
  <h3
    className="small-movie-card__title"
  >
    <a
      className="small-movie-card__link"
      href="/films/1"
      onClick={[Function]}
    >
      Fantastic Beasts: The Crimes of Grindelwald
    </a>
  </h3>
</article>
`;
